Module  ''0-add_interger''

>>> add_integer = __import__('0-add_integer').add_integer

Test for both a(int) and b(int) positive
>>> add_integer(1, 3)
4

Test for both a(int) positive and b(int) negative
>>> add_integer(100, -2)
98

Test for only a(int) positive
>>> add_integer(2)
100

Test for a(float) positive and b(int) negative
>>> add_integer(100.3, -2)
98

Test for a(int) positive and b(string)
>>> add_integer(4, "School")
Traceback (most recent call last):
    ...
TypeError: b must be an integer

Test for Nonetype
>>> add_integer(None)
Traceback (most recent call last):
    ...
TypeError: a must be an integer

Test for float overflow
>>> add_integer(float("inf"))
Traceback (most recent call last):
    ...
OverflowError: cannot convert float infinity to integer

>>> add_integer(-float("inf"))
Traceback (most recent call last):
    ...
OverflowError: cannot convert float infinity to integer

Test for float NaN to integer
>>> add_integer(float("NaN"))
Traceback (most recent call last):
    ...
ValueError: cannot convert float NaN to integer
