>>> say_my_name = __import__('3-say_my_name').say_my_name

Test for firstname= string / lastname= string
>>> say_my_name("John", "Smith")
My name is John Smith

Test for firstname= string / lastname= not string
>>> say_my_name("John", 12)
Traceback (most recent call last):
    ...
TypeError: last_name must be a string

Test for firstname= not string / lastname= string
>>> say_my_name(12, "White")
Traceback (most recent call last):
    ...
TypeError: first_name must be a string

Test for missing two arguments
>>> say_my_name()
Traceback (most recent call last):
    ...
TypeError: say_my_name() missing 1 required positional argument: 'first_name'
